[0m15:44:37.867381 [debug] [MainThread]: Sending event: {'category': 'dbt', 'action': 'invocation', 'label': 'start', 'context': [<snowplow_tracker.self_describing_json.SelfDescribingJson object at 0x00000254FB580980>, <snowplow_tracker.self_describing_json.SelfDescribingJson object at 0x00000254F8E78CD0>, <snowplow_tracker.self_describing_json.SelfDescribingJson object at 0x00000254FDD7B890>]}


============================== 15:44:37.873142 | 830e8683-824d-46df-868d-589864d1247e ==============================
[0m15:44:37.873142 [info ] [MainThread]: Running with dbt=1.12.0
[0m15:44:37.874879 [debug] [MainThread]: running dbt with arguments {'maximum_seed_size_mib': '1', 'no_print': 'None', 'version_check': 'True', 'target_path': 'None', 'warn_error_options': 'WarnErrorOptionsV2(error=[], warn=[], silence=[])', 'static_parser': 'True', 'printer_width': '80', 'write_json': 'True', 'empty': 'None', 'log_cache_events': 'False', 'introspect': 'True', 'cache_selected_only': 'False', 'fail_fast': 'False', 'debug': 'False', 'log_format': 'default', 'profiles_dir': 'C:\\Users\\gagan\\.dbt', 'send_anonymous_usage_stats': 'True', 'quiet': 'False', 'warn_error': 'None', 'partial_parse': 'True', 'indirect_selection': 'eager', 'hints_enabled': 'True', 'invocation_command': 'dbt init taxi', 'use_experimental_parser': 'False', 'use_colors': 'True', 'log_path': 'logs'}
[0m15:44:37.903316 [info ] [MainThread]: Creating dbt configuration folder at C:\Users\gagan\.dbt
[0m15:44:37.906713 [debug] [MainThread]: Starter project path: D:\projects\analytics\nyc_taxi_analysis\dbt-venv\Lib\site-packages\dbt\include\starter_project
[0m15:44:37.947623 [info ] [MainThread]: Setting up your profile.
[0m15:45:33.627122 [debug] [MainThread]: Snowflake adapter: Setting snowflake.connector to ERROR (file logging only)
[0m15:45:33.627696 [debug] [MainThread]: Snowflake adapter: Setting botocore to ERROR (file logging only)
[0m15:45:33.628051 [debug] [MainThread]: Snowflake adapter: Setting boto3 to ERROR (file logging only)
[0m15:47:21.238887 [info ] [MainThread]: Profile taxi written to C:\Users\gagan\.dbt\profiles.yml using target's profile_template.yml and your supplied values.
[0m15:47:21.243049 [info ] [MainThread]: Running dbt debug to validate the project...
[0m15:47:21.243674 [info ] [MainThread]: dbt version: 1.12.0
[0m15:47:21.244106 [info ] [MainThread]: python version: 3.14.2
[0m15:47:21.244512 [info ] [MainThread]: python path: D:\projects\analytics\nyc_taxi_analysis\dbt-venv\Scripts\python.exe
[0m15:47:21.244904 [info ] [MainThread]: os info: Windows-11-10.0.26200-SP0
[0m15:47:21.340475 [info ] [MainThread]: Using profiles dir at C:\Users\gagan\.dbt
[0m15:47:21.341140 [info ] [MainThread]: Using profiles.yml file at C:\Users\gagan\.dbt\profiles.yml
[0m15:47:21.342288 [info ] [MainThread]: Using dbt_project.yml file at D:\projects\analytics\nyc_taxi_analysis\taxi\dbt_project.yml
[0m15:47:21.343725 [info ] [MainThread]: adapter type: snowflake
[0m15:47:21.344831 [info ] [MainThread]: adapter version: 1.12.0
[0m15:47:21.491313 [info ] [MainThread]: Configuration:
[0m15:47:21.492051 [info ] [MainThread]:   profiles.yml file [[32mOK found and valid[0m]
[0m15:47:21.493312 [info ] [MainThread]:   dbt_project.yml file [[32mOK found and valid[0m]
[0m15:47:21.493853 [info ] [MainThread]: Required dependencies:
[0m15:47:21.494432 [debug] [MainThread]: Executing "git --help"
[0m15:47:21.589402 [debug] [MainThread]: STDOUT: "b"usage: git [-v | --version] [-h | --help] [-C <path>] [-c <name>=<value>]\n           [--exec-path[=<path>]] [--html-path] [--man-path] [--info-path]\n           [-p | --paginate | -P | --no-pager] [--no-replace-objects] [--no-lazy-fetch]\n           [--no-optional-locks] [--no-advice] [--bare] [--git-dir=<path>]\n           [--work-tree=<path>] [--namespace=<name>] [--config-env=<name>=<envvar>]\n           <command> [<args>]\n\nThese are common Git commands used in various situations:\n\nstart a working area (see also: git help tutorial)\n   clone      Clone a repository into a new directory\n   init       Create an empty Git repository or reinitialize an existing one\n\nwork on the current change (see also: git help everyday)\n   add        Add file contents to the index\n   mv         Move or rename a file, a directory, or a symlink\n   restore    Restore working tree files\n   rm         Remove files from the working tree and from the index\n\nexamine the history and state (see also: git help revisions)\n   bisect     Use binary search to find the commit that introduced a bug\n   diff       Show changes between commits, commit and working tree, etc\n   grep       Print lines matching a pattern\n   log        Show commit logs\n   show       Show various types of objects\n   status     Show the working tree status\n\ngrow, mark and tweak your common history\n   backfill   Download missing objects in a partial clone\n   branch     List, create, or delete branches\n   commit     Record changes to the repository\n   history    EXPERIMENTAL: Rewrite history\n   merge      Join two or more development histories together\n   rebase     Reapply commits on top of another base tip\n   reset      Set `HEAD` or the index to a known state\n   switch     Switch branches\n   tag        Create, list, delete or verify tags\n\ncollaborate (see also: git help workflows)\n   fetch      Download objects and refs from another repository\n   pull       Fetch from and integrate with another repository or a local branch\n   push       Update remote refs along with associated objects\n\n'git help -a' and 'git help -g' list available subcommands and some\nconcept guides. See 'git help <command>' or 'git help <concept>'\nto read about a specific subcommand or concept.\nSee 'git help git' for an overview of the system.\n""
[0m15:47:21.589980 [debug] [MainThread]: STDERR: "b''"
[0m15:47:21.590444 [info ] [MainThread]:  - git [[32mOK found[0m]

[0m15:47:21.590908 [info ] [MainThread]: Connection:
[0m15:47:21.591403 [info ] [MainThread]:   account: PQLSJFJ-BG25732
[0m15:47:21.591930 [info ] [MainThread]:   user: gagankp20
[0m15:47:21.592538 [info ] [MainThread]:   database: nyc_taxi
[0m15:47:21.592993 [info ] [MainThread]:   warehouse: transform_wh
[0m15:47:21.593367 [info ] [MainThread]:   role: accountadmin
[0m15:47:21.593730 [info ] [MainThread]:   schema: marts
[0m15:47:21.594085 [info ] [MainThread]:   authenticator: None
[0m15:47:21.594448 [info ] [MainThread]:   oauth_client_id: None
[0m15:47:21.594878 [info ] [MainThread]:   query_tag: None
[0m15:47:21.595385 [info ] [MainThread]:   client_session_keep_alive: False
[0m15:47:21.595781 [info ] [MainThread]:   host: None
[0m15:47:21.596218 [info ] [MainThread]:   port: None
[0m15:47:21.596609 [info ] [MainThread]:   proxy_host: None
[0m15:47:21.596967 [info ] [MainThread]:   proxy_port: None
[0m15:47:21.597315 [info ] [MainThread]:   protocol: None
[0m15:47:21.597780 [info ] [MainThread]:   connect_retries: 1
[0m15:47:21.598251 [info ] [MainThread]:   connect_timeout: None
[0m15:47:21.598605 [info ] [MainThread]:   retry_on_database_errors: False
[0m15:47:21.598947 [info ] [MainThread]:   retry_all: False
[0m15:47:21.599297 [info ] [MainThread]:   insecure_mode: False
[0m15:47:21.599663 [info ] [MainThread]:   reuse_connections: True
[0m15:47:21.600016 [info ] [MainThread]:   s3_stage_vpce_dns_name: None
[0m15:47:21.600358 [info ] [MainThread]:   workload_identity_provider: None
[0m15:47:21.600706 [info ] [MainThread]:   workload_identity_entra_resource: None
[0m15:47:21.601066 [info ] [MainThread]:   platform_detection_timeout_seconds: 0.0
[0m15:47:21.601622 [info ] [MainThread]: Registered adapter: snowflake=1.12.0
[0m15:47:22.215241 [debug] [MainThread]: Acquiring new snowflake connection 'debug'
[0m15:47:22.218206 [debug] [MainThread]: Using snowflake connection "debug"
[0m15:47:22.218549 [debug] [MainThread]: On debug: select 1 as id
[0m15:47:22.218846 [debug] [MainThread]: Opening a new connection, currently in state init
[0m15:47:25.142962 [debug] [MainThread]: SQL status: SUCCESS 1 in 2.924 seconds
[0m15:47:25.144462 [info ] [MainThread]:   Connection test: [[32mOK connection ok[0m]

[0m15:47:25.145178 [info ] [MainThread]: [32mAll checks passed![0m
[0m15:47:25.145857 [info ] [MainThread]: Your new dbt project "taxi" was created!
Initialized new project in D:\projects\analytics\nyc_taxi_analysis\taxi\taxi

For more information on how to configure the profiles.yml file,
please consult the dbt documentation here:

  https://docs.getdbt.com/docs/configure-your-profile

One more thing:

Need help? Don't hesitate to reach out to us via GitHub issues or on Slack:

  https://community.getdbt.com/

Happy modeling!

[0m15:47:25.147551 [debug] [MainThread]: Command `dbt init` succeeded at 15:47:25.147354 after 167.46 seconds
[0m15:47:25.148095 [debug] [MainThread]: Connection 'debug' was left open.
[0m15:47:25.148452 [debug] [MainThread]: On debug: Close
[0m15:47:25.302480 [debug] [MainThread]: Sending event: {'category': 'dbt', 'action': 'invocation', 'label': 'end', 'context': [<snowplow_tracker.self_describing_json.SelfDescribingJson object at 0x00000254FDBAB490>, <snowplow_tracker.self_describing_json.SelfDescribingJson object at 0x00000254FFB5AF90>, <snowplow_tracker.self_describing_json.SelfDescribingJson object at 0x00000254FFB04160>]}
[0m15:47:25.303247 [debug] [MainThread]: Flushing usage events
[0m15:47:25.867523 [debug] [MainThread]: An error was encountered while trying to flush usage events
